// Vitest Snapshot v1, https://vitest.dev/guide/snapshot.html

exports[`ChatService > createAssistantMessage > with tools messages > work with dalle3 1`] = `
{
  "enabledSearch": undefined,
  "messages": [
    {
      "content": "<plugins description="The plugins you can use below">
<collection name="Image">
<collection.instructions>When the user asks for an image, use lobe-image-designer to generate it, then briefly summarize the prompts you used in plain text. This tool works with whichever image model the user has configured, so keep the captions model-agnostic.

Guidelines for the captions sent to lobe-image-designer:

1. If the user does not specify a number, create up to 4 images with captions that are as diverse as possible; never generate more than 4, even if the user requests more.
2. Each caption must be a detailed, self-contained paragraph — more than 3 sentences — describing the subject, composition, style, lighting and mood in concrete, objective terms.
3. State the image type (photo, illustration, oil painting, watercolor, cartoon, 3D render, vector, etc.) at the start of each caption. Unless the request suggests otherwise, make at least 1–2 of the images photos.
4. For best results write captions in English; translate non-English descriptions.
5. When depicting groups of people, aim for diverse, inclusive scenes, but keep the number of people the user asked for and don't alter memes, fictional characters, or a clearly-specified subject.
6. Do not generate images of real, identifiable public figures; substitute a generic description instead. Avoid content that is offensive or unsafe.
7. Do not restate the captions before or after generating — they belong only in the \`prompts\` field. You don't need to ask for permission; just generate.</collection.instructions>
<api identifier="lobe-image-designer____text2image____builtin">Create images from a text-only prompt.</api>
</collection>
</plugins>",
      "role": "system",
    },
    {
      "content": "https://vercel.com/ 请分析 chatGPT 关键词

",
      "role": "user",
    },
  ],
  "model": "gpt-3.5-turbo-1106",
  "tools": [
    {
      "function": {
        "description": "Create images from a text-only prompt.",
        "name": "lobe-image-designer____text2image____builtin",
        "parameters": {
          "properties": {
            "prompts": {
              "description": "A list of image captions to generate. Each caption is a detailed, self-contained description of one image. If the user does not specify a number, create up to 4 captions that are as diverse as possible; never more than 4. If the user asks to modify a previous image, refactor the caption to integrate the changes rather than just making it longer. Image size, quality and other rendering options come from the user's configured image model — do not include them here.",
              "items": {
                "type": "string",
              },
              "maxItems": 4,
              "minItems": 1,
              "type": "array",
            },
          },
          "required": [
            "prompts",
          ],
          "type": "object",
        },
      },
      "type": "function",
    },
  ],
  "top_p": 1,
}
`;
