// Vitest Snapshot v1, https://vitest.dev/guide/snapshot.html

exports[`agentSelectors > defaultAgentConfig > should merge DEFAULT_AGENT_CONFIG and defaultAgent(s).config correctly 1`] = `
{
  "chatConfig": {
    "assistanceLevel": "balanced",
    "autoCreateTopicThreshold": 2,
    "contextCompactThreshold": 0.8,
    "displayMode": "chat",
    "enableAssistantMemory": true,
    "enableAutoCreateTopic": true,
    "enableCompressHistory": true,
    "enableDailyMemorySummary": false,
    "enableHistoryCount": true,
    "enablePeriodicAssistantMemoryRollup": false,
    "enableReasoning": false,
    "enableStreaming": true,
    "enableTokenThresholdAutoCompact": false,
    "enableUserMemoryArchive": false,
    "historyCount": 20,
    "memoryDreamScheduleFrequency": "off",
    "memoryDreamScheduleTime": "02:00",
    "memoryDreamScheduleWeekday": 0,
    "reasoningBudgetToken": 1024,
    "searchFCModel": {
      "model": "gpt-5.6-sol",
      "provider": "openai",
    },
    "searchMode": "off",
  },
  "model": "gpt-3.5-turbo",
  "openingQuestions": [],
  "params": {
    "temperature": 0.7,
  },
  "plugins": [],
  "provider": "openai",
  "systemRole": "user",
  "tts": {
    "showAllLocaleVoice": false,
    "sttLocale": "auto",
    "ttsService": "openai",
    "voice": {
      "openai": "alloy",
    },
  },
}
`;
